
--- Job 1national.gms Start 02/05/26 04:41:59 35.1.0 r82a9585 WEX-WEI x86 64bit/MS Windows
--- Applying:
    C:\GAMS\35\gmsprmNT.txt
    C:\Users\EARAGIE\OneDrive - CGIAR\Documents\GAMS\gamsconfig.yaml
--- GAMS Parameters defined
    Input "C:\Users\EARAGIE\IFPRI Dropbox\Emerta Aragie\Rwanda MINECOFIN-GIZ project 2026\1 Lectures\Bi-weekly Meetings\2026-01-13 - SAMs and SAM Toolkit\SAM Toolkit (2017)\1national.gms"
    Save "C:\Users\EARAGIE\IFPRI Dropbox\Emerta Aragie\Rwanda MINECOFIN-GIZ project 2026\1 Lectures\Bi-weekly Meetings\2026-01-13 - SAMs and SAM Toolkit\SAM Toolkit (2017)\national.g0?"
    PageSize 0
    ScrDir "C:\Users\EARAGIE\IFPRI Dropbox\Emerta Aragie\Rwanda MINECOFIN-GIZ project 2026\1 Lectures\Bi-weekly Meetings\2026-01-13 - SAMs and SAM Toolkit\SAM Toolkit (2017)\225a\"
    SysDir C:\GAMS\35\
    LogOption 3
    ErrMsg 1
    ErrorLog 99
    IDE 1
    GDX "C:\Users\EARAGIE\IFPRI Dropbox\Emerta Aragie\Rwanda MINECOFIN-GIZ project 2026\1 Lectures\Bi-weekly Meetings\2026-01-13 - SAMs and SAM Toolkit\SAM Toolkit (2017)\national.gdx"
    LstTitleLeftAligned 1
Licensee: MUD - 70 User License                          G220422|0002CV-GEN
          Int Food Policy Research Institute, IFPRI, Computer ServiceDC2119
          C:\Users\EARAGIE\OneDrive - CGIAR\Documents\GAMS\gamslice.txt
          License Admin: John Hanly, J.Hanly@cgiar.org                     
GAMS 35.1.0   Copyright (C) 1987-2021 GAMS Development. All rights reserved
--- Starting compilation
--- 1national.gms(9) 2 Mb
--- call gdxxrw i=1NAT_X104_2017.xlsx o=1NAT_X104_2017.gdx index=index!a7

GDXXRW           35.1.0 r82a9585 Released Apr 29, 2021 WEI x86 64bit/MS Window
Input file : C:\Users\EARAGIE\IFPRI Dropbox\Emerta Aragie\Rwanda MINECOFIN-GIZ project 2026\1 Lectures\Bi-weekly Meetings\2026-01-13 - SAMs and SAM Toolkit\SAM Toolkit (2017)\1NAT_X104_2017.xlsx
Output file: C:\Users\EARAGIE\IFPRI Dropbox\Emerta Aragie\Rwanda MINECOFIN-GIZ project 2026\1 Lectures\Bi-weekly Meetings\2026-01-13 - SAMs and SAM Toolkit\SAM Toolkit (2017)\1NAT_X104_2017.gdx
Substituting Index
Total time = 3031 Ms
--- 1national.gms(10) 2 Mb
--- GDXin=C:\Users\EARAGIE\IFPRI Dropbox\Emerta Aragie\Rwanda MINECOFIN-GIZ project 2026\1 Lectures\Bi-weekly Meetings\2026-01-13 - SAMs and SAM Toolkit\SAM Toolkit (2017)\1NAT_X104_2017.gdx
--- GDX File ($gdxIn) C:\Users\EARAGIE\IFPRI Dropbox\Emerta Aragie\Rwanda MINECOFIN-GIZ project 2026\1 Lectures\Bi-weekly Meetings\2026-01-13 - SAMs and SAM Toolkit\SAM Toolkit (2017)\1NAT_X104_2017.gdx
--- 1national.gms(122) 3 Mb
--- Starting execution: elapsed 0:00:03.219
--- 1national.gms(122) 4 Mb
--- GDX File C:\Users\EARAGIE\IFPRI Dropbox\Emerta Aragie\Rwanda MINECOFIN-GIZ project 2026\1 Lectures\Bi-weekly Meetings\2026-01-13 - SAMs and SAM Toolkit\SAM Toolkit (2017)\national.gdx
*** Status: Normal completion
--- Job 1national.gms Stop 02/05/26 04:42:02 elapsed 0:00:03.239
