
--- Job 2balance.gms Start 02/03/26 08:48:51 35.1.0 r82a9585 WEX-WEI x86 64bit/MS Windows
--- Applying:
    C:\GAMS\35\gmsprmNT.txt
    C:\Users\EARAGIE\OneDrive - CGIAR\Documents\GAMS\gamsconfig.yaml
--- GAMS Parameters defined
    Restart "C:\Users\EARAGIE\IFPRI Dropbox\Emerta Aragie\Rwanda MINECOFIN-GIZ project 2026\Rwanda SAM Toolkit (X117)\national.g0?"
    Input "C:\Users\EARAGIE\IFPRI Dropbox\Emerta Aragie\Rwanda MINECOFIN-GIZ project 2026\Rwanda SAM Toolkit (X117)\2balance.gms"
    PageWidth 120
    PageSize 0
    PageContr 3
    Action CE
    ScrDir "C:\Users\EARAGIE\IFPRI Dropbox\Emerta Aragie\Rwanda MINECOFIN-GIZ project 2026\Rwanda SAM Toolkit (X117)\225a\"
    SysDir C:\GAMS\35\
    WorkDir "C:\Users\EARAGIE\IFPRI Dropbox\Emerta Aragie\Rwanda MINECOFIN-GIZ project 2026\Rwanda SAM Toolkit (X117)\"
    LogOption 3
    DFormat 0
    TFormat 0
    License C:\GAMS\35\gamslice.txt
    ErrorLog 99
    IDE 1
Licensee: MUD - 70 User License                          G210405|0002CV-GEN
          International Food Policy Research Institute, Computer ServDC2119
          C:\GAMS\35\gamslice.txt
          License Admin: John Hanly, J.Hanly@cgiar.org                     
GAMS 35.1.0   Copyright (C) 1987-2021 GAMS Development. All rights reserved
--- Starting continued compilation
--- Workfile was generated under GAMS version WEX351-351
--- 2balance.gms(741) 3 Mb
--- Starting execution: elapsed 0:00:00.060
--- 2balance.gms(800) 36 Mb
--- Generating NLP model SAMENTROP
--- 2balance.gms(805) 43 Mb
---   13,726 rows  20,105 columns  54,187 non-zeroes
---   73,061 nl-code  16,543 nl-non-zeroes
--- 2balance.gms(805) 41 Mb
--- Executing CONOPT3 (Solvelink=2): elapsed 0:00:00.699

CONOPT 3         35.1.0 r82a9585 Released Apr 29, 2021 WEI x86 64bit/MS Window

 
 
    C O N O P T 3   version 3.17K
    Copyright (C)   ARKI Consulting and Development A/S
                    Bagsvaerdvej 246 A
                    DK-2880 Bagsvaerd, Denmark
 
 
   Iter Phase Ninf   Infeasibility   RGmax    NSB   Step InItr MX OK
      0   0        1.6409340917E+02 (Input point)
 
                   Pre-triangular equations:   13
                   Post-triangular equations:  1
                   Definitional equations:     6317
 
      1   0        1.6409340917E+02 (After pre-processing)
      2   0        4.9216497664E+00 (After scaling)
      3   0     0  4.9195000635E+00               4.4E-04      T  T
      4   0     0  4.9188477956E+00               1.3E-04      T  T
      5   0     0  4.8989028584E+00               4.1E-03      T  T
      6   0     0  4.8784534437E+00               4.3E-03      T  T
      7   0     0  4.8570701210E+00               4.6E-03      T  T
      8   0     0  4.7810058953E+00               1.7E-02      T  T
      9   0     0  4.7571829367E+00               5.9E-03      T  T
 
   Iter Phase Ninf   Infeasibility   RGmax    NSB   Step InItr MX OK
     10   0     0  4.7565399397E+00               1.6E-04      T  T
     11   0     0  4.7518709851E+00               1.2E-03      T  T
     12   0     0  4.7500786246E+00               4.5E-04      T  T
     13   0     0  4.7252396273E+00               6.3E-03      T  T
     14   0     0  4.7124667771E+00               3.4E-03      T  T
     15   0     0  4.6982817062E+00               3.3E-03      T  T
     16   0     0  4.6822574903E+00               3.8E-03      T  T
     17   0     0  4.6746776152E+00               1.8E-03      T  T
     18   0     0  4.6684080728E+00               1.5E-03      T  T
     19   0     0  4.6682676302E+00               3.3E-05      T  T
 
   Iter Phase Ninf   Infeasibility   RGmax    NSB   Step InItr MX OK
     20   0     0  4.6593335497E+00               2.1E-03      T  T
     21   0     0  4.6064833547E+00               1.3E-02      T  T
     22   0     0  4.6029732864E+00               8.6E-04      T  T
     23   0     0  4.5978607346E+00               1.3E-03      T  T
     24   0     0  4.5962170886E+00               4.1E-04      T  T
     25   0     0  4.5929356266E+00               8.2E-04      T  T
     26   0     0  4.5607318631E+00               8.1E-03      T  T
     27   0     0  4.5423402191E+00               4.7E-03      T  T
     28   0     0  4.5406306692E+00               4.5E-04      T  T
     29   0     0  4.4154797653E+00               3.5E-02      T  T
 
   Iter Phase Ninf   Infeasibility   RGmax    NSB   Step InItr MX OK
     30   0     0  4.3985148549E+00               3.9E-03      T  T
     31   0     0  4.3695470751E+00               6.7E-03      T  T
     32   0     0  4.3439995774E+00               6.0E-03      T  T
     33   0     0  4.3148732102E+00               7.0E-03      T  T
     34   0     0  4.3006879605E+00               3.5E-03      T  T
     35   0     0  4.2876971336E+00               3.2E-03      T  T
     36   0     0  4.1910440842E+00               2.4E-02      T  T
     37   0     0  4.1659000431E+00               6.7E-03      T  T
     38   0     0  4.1539835984E+00               3.2E-03      T  T
     39   0     0  4.1456870301E+00               2.2E-03      T  T
 
   Iter Phase Ninf   Infeasibility   RGmax    NSB   Step InItr MX OK
     40   0     0  4.0453324113E+00               2.7E-02      T  T
     41   0     0  3.9637330389E+00               2.3E-02      T  T
     42   0     0  3.9472479251E+00               5.0E-03      T  T
     43   0     0  3.9410974003E+00               1.9E-03      T  T
     44   0     0  3.9121377097E+00               9.0E-03      T  T
     45   0     0  3.9075482566E+00               1.4E-03      T  T
     46   0     0  3.9049967163E+00               7.8E-04      T  T
     47   0     0  3.8878878233E+00               5.2E-03      T  T
     48   0     0  3.7795677960E+00               3.4E-02      T  T
     49   0     0  3.7212407008E+00               2.0E-02      T  T
 
   Iter Phase Ninf   Infeasibility   RGmax    NSB   Step InItr MX OK
     50   0     0  3.6643944208E+00               1.5E-02      T  T
     51   0     0  3.5707664946E+00               2.6E-02      T  T
     52   0     0  3.5655469892E+00               1.5E-03      T  T
     53   0     0  3.5441987973E+00               6.3E-03      T  T
     54   0     0  3.5221663064E+00               6.5E-03      T  T
     55   0     0  3.4029923496E+00               3.6E-02      T  T
     56   0     0  3.0981279510E+00               1.0E-01      T  T
     57   0     0  3.0901036326E+00               3.1E-03      T  T
     58   0     0  3.0557942009E+00               1.3E-02      T  T
     59   0     0  2.9993306936E+00               2.3E-02      T  T
 
   Iter Phase Ninf   Infeasibility   RGmax    NSB   Step InItr MX OK
     60   0     0  2.9221125157E+00               3.2E-02      T  T
     61   0     0  2.7864552289E+00               1.3E-02      T  T
     62   0     0  2.6512360822E+00               5.0E-02      T  T
     63   0     0  2.5797044183E+00               2.9E-02      T  T
     64   0     0  2.5720330215E+00               3.2E-03      T  T
     65   0     0  2.5647021571E+00               3.1E-03      T  T
     66   0     0  2.4950533233E+00               3.0E-02      T  T
     67   0     0  2.3237898528E+00               7.8E-02      T  T
     68   0     0  2.1964095507E+00               6.5E-02      T  T
     69   0     0  1.8074379246E+00               2.3E-01      T  T
 
   Iter Phase Ninf   Infeasibility   RGmax    NSB   Step InItr MX OK
     70   0     0  1.7959794835E+00               6.3E-03      T  T
     71   0     0  1.5995813074E+00               1.1E-01      T  T
     72   0     0  1.5547806250E+00               3.0E-02      T  T
     73   0     0  1.5495592927E+00               3.6E-03      T  T
     74   0     0  1.4303045397E+00               8.4E-02      T  T
     75   0     0  1.3693483712E+00               4.7E-02      T  T
     76   0     0  1.1699115222E+00               1.7E-01      T  T
     77   0     0  1.1435134944E+00               2.5E-02      T  T
     78   0     0  1.0682272950E+00               7.3E-02      T  T
     79   0     0  9.6860276863E-01               1.1E-01      T  T
 
   Iter Phase Ninf   Infeasibility   RGmax    NSB   Step InItr MX OK
     80   0     0  8.4337303931E-01               1.5E-01      T  T
     81   0     0  8.0047374357E-01               5.9E-02      T  T
     82   0     0  6.5525730284E-01               2.1E-01      T  T
     83   0     0  6.2424372436E-01               5.6E-02      T  T
     84   0     0  5.8662716391E-01               7.2E-02      T  T
     85   0     0  4.6915035959E-01               2.4E-01      T  T
     86   0     0  3.8511048593E-01               2.2E-01      T  T
     87   0     0  3.6441798135E-01               6.5E-02      T  T
     88   0     0  9.4341001134E-02               9.1E-01      T  T
     89   0     0  1.0678914768E-02               1.0E+00      F  T
 
   Iter Phase Ninf   Infeasibility   RGmax    NSB   Step InItr MX OK
     90   0     0  1.0869628687E-03               1.0E+00      F  T
     91   0     0  1.2389653222E-04               1.0E+00      F  T
     92   0     0  1.4640849901E-05               1.0E+00      F  T
     93   0     0  1.7619258959E-06               1.0E+00      F  T
     94   0     0  2.1431812813E-07               1.0E+00      F  T
     95   0     0  2.6246129826E-08               1.0E+00      F  T
 
 ** Feasible solution. Value of objective =    52.9550974089
 
   Iter Phase Ninf     Objective     RGmax    NSB   Step InItr MX OK
     96   3        5.1148212372E+01 9.6E+01  6068 1.0E+00    1 T  T
     97   3        4.9025225633E+01 4.2E+01  6300 1.0E+00    1 T  T
     98   3        4.7908344742E+01 2.0E+01  6299 1.0E+00    2 F  T
     99   3        4.7325533175E+01 1.8E+01  6297 5.8E-01    2 F  T
    100   3        4.6797818185E+01 1.5E+01  6297 2.0E-04      T  T
    101   3        4.5874672182E+01 1.5E+01  6296 6.5E-04      T  T
    102   3        4.4634834888E+01 2.6E+01  6310 3.5E-04      T  T
    103   3        4.4101305406E+01 1.3E+01  6309 3.0E-04      T  T
    104   3        4.1247445203E+01 1.5E+01  6311 1.0E+00    3 T  T
    105   3        4.0785214781E+01 2.8E+01  6308 4.4E-01    3 F  T
 
   Iter Phase Ninf     Objective     RGmax    NSB   Step InItr MX OK
    106   3        4.0508216116E+01 2.2E+01  6308 6.2E-01    1 F  T
    107   3        4.0139990542E+01 1.4E+01  6309 3.4E-04      T  T
    108   3        4.0001647831E+01 1.3E+01  6309 2.4E-04      F  T
    109   3        3.9909506513E+01 8.8E+01  6309 2.4E-06      F  T
    110   4        3.9718227248E+01 1.3E+01  6359 4.4E-05      F  T
    111   4        3.9588536302E+01 1.3E+01  6360 1.0E+00    3 F  T
    112   4        3.8763373615E+01 1.9E+01  6359 1.0E+00    2 T  T
    113   4        3.5154765147E+01 2.0E+01  6358 1.0E+00    8 T  T
    114   4        2.5664026269E+01 1.6E+01  6355 1.0E+00   13 T  T
    115   4        1.7019710703E+01 1.3E+01  6355 1.0E+00   17 T  T
 
   Iter Phase Ninf     Objective     RGmax    NSB   Step InItr MX OK
    116   4        1.2791757814E+01 1.5E+01  6347 1.0E+00   28 T  T
    117   4        1.1763437257E+01 1.3E+01  6348 1.0E+00   37 F  T
    118   4        1.1583659543E+01 1.2E+01  6348 1.0E+00   32 F  T
    119   4        1.1463941525E+01 9.5E+00  6348 1.0E+00   32 F  T
    120   4        1.1295468190E+01 1.2E+01  6382 1.0E+00   25 F  T
    121   4        1.1069675997E+01 9.4E+00  6382 1.0E+00   21 F  T
    122   4        1.0772341295E+01 7.1E+00  6382 1.0E+00   19 F  T
    123   4        1.0424019658E+01 9.1E+00  6387 1.0E+00   21 F  T
    124   4        9.9559193432E+00 6.6E+00  6387 1.0E+00   21 F  T
    125   4        9.5316890070E+00 5.6E+00  6387 1.0E+00   24 F  T
 
   Iter Phase Ninf     Objective     RGmax    NSB   Step InItr MX OK
    126   4        9.3841868430E+00 4.4E+00  6387 1.0E+00   32 F  T
    127   4        9.3358764963E+00 3.1E+00  6387 1.0E+00   38 F  T
    128   4        9.3041289114E+00 1.8E+00  6387 1.0E+00   40 F  T
    129   4        9.2899705550E+00 7.2E-01  6387 1.0E+00   46 F  T
    130   4        9.2687222443E+00 1.5E-01  6387 1.0E+00  179 F  T
    131   4        9.2672176114E+00 1.3E-01  6387 1.0E+00  331 F  T
    132   4        9.2671046519E+00 7.1E-03  6387 1.0E+00  531 F  T
    133   4        9.2671037947E+00 3.1E-04  6387 1.0E+00  539 F  T
    134   4        9.2671037844E+00 3.7E-05  6387 1.0E+00  622 F  T
    135   4        9.2671037844E+00 3.5E-06  6387 1.0E+00  519 F  T
 
   Iter Phase Ninf     Objective     RGmax    NSB   Step InItr MX OK
    136   4        9.2671037844E+00 3.4E-07  6387 1.0E+00  328 F  T
    137   4        9.2671037844E+00 8.3E-08  6387
 
 ** Optimal solution. Reduced gradient less than tolerance.
 
--- Reading solution for model SAMENTROP
--- Executing after solve: elapsed 0:00:13.454
--- 2balance.gms(851) 41 Mb
--- GDX File (execute_unload) C:\Users\EARAGIE\IFPRI Dropbox\Emerta Aragie\Rwanda MINECOFIN-GIZ project 2026\Rwanda SAM Toolkit (X117)\0output.gdx
--- 2balance.gms(852) 41 Mb
--- 2balance.gms(860) 41 Mb

GDXXRW           35.1.0 r82a9585 Released Apr 29, 2021 WEI x86 64bit/MS Window
Input file : C:\Users\EARAGIE\IFPRI Dropbox\Emerta Aragie\Rwanda MINECOFIN-GIZ project 2026\Rwanda SAM Toolkit (X117)\0output.gdx
Output file: C:\Users\EARAGIE\IFPRI Dropbox\Emerta Aragie\Rwanda MINECOFIN-GIZ project 2026\Rwanda SAM Toolkit (X117)\0output.xlsx
Substituting Index
Total time = 10344 Ms
--- 2balance.gms(861) 41 Mb
--- 2balance.gms(862) 41 Mb
*** Status: Normal completion
--- Job 2balance.gms Stop 02/03/26 08:49:25 elapsed 0:00:34.529
