
--- Job 3households.gms Start 02/03/26 08:49:48 35.1.0 r82a9585 WEX-WEI x86 64bit/MS Windows
--- Applying:
    C:\GAMS\35\gmsprmNT.txt
    C:\Users\EARAGIE\OneDrive - CGIAR\Documents\GAMS\gamsconfig.yaml
--- GAMS Parameters defined
    Input "C:\Users\EARAGIE\IFPRI Dropbox\Emerta Aragie\Rwanda MINECOFIN-GIZ project 2026\Rwanda SAM Toolkit (X117)\3households.gms"
    Save "C:\Users\EARAGIE\IFPRI Dropbox\Emerta Aragie\Rwanda MINECOFIN-GIZ project 2026\Rwanda SAM Toolkit (X117)\households.g0?"
    PageWidth 120
    PageSize 0
    PageContr 3
    Action CE
    ScrDir "C:\Users\EARAGIE\IFPRI Dropbox\Emerta Aragie\Rwanda MINECOFIN-GIZ project 2026\Rwanda SAM Toolkit (X117)\225a\"
    SysDir C:\GAMS\35\
    WorkDir "C:\Users\EARAGIE\IFPRI Dropbox\Emerta Aragie\Rwanda MINECOFIN-GIZ project 2026\Rwanda SAM Toolkit (X117)\"
    LogOption 3
    DFormat 0
    TFormat 0
    License C:\GAMS\35\gamslice.txt
    ErrorLog 99
    IDE 1
    GDX "C:\Users\EARAGIE\IFPRI Dropbox\Emerta Aragie\Rwanda MINECOFIN-GIZ project 2026\Rwanda SAM Toolkit (X117)\households.gdx"
Licensee: MUD - 70 User License                          G210405|0002CV-GEN
          International Food Policy Research Institute, Computer ServDC2119
          C:\GAMS\35\gamslice.txt
          License Admin: John Hanly, J.Hanly@cgiar.org                     
GAMS 35.1.0   Copyright (C) 1987-2021 GAMS Development. All rights reserved
--- Starting compilation
--- 3households.gms(10) 2 Mb
--- call gdxxrw i=3RWA_X104_2017.xlsx o=3RWA_X104_2017.gdx index=index!a7

GDXXRW           35.1.0 r82a9585 Released Apr 29, 2021 WEI x86 64bit/MS Window
Input file : C:\Users\EARAGIE\IFPRI Dropbox\Emerta Aragie\Rwanda MINECOFIN-GIZ project 2026\Rwanda SAM Toolkit (X117)\3RWA_X104_2017.xlsx
Output file: C:\Users\EARAGIE\IFPRI Dropbox\Emerta Aragie\Rwanda MINECOFIN-GIZ project 2026\Rwanda SAM Toolkit (X117)\3RWA_X104_2017.gdx
Substituting Index
Total time = 7250 Ms
--- 3households.gms(11) 2 Mb
--- GDXin=C:\Users\EARAGIE\IFPRI Dropbox\Emerta Aragie\Rwanda MINECOFIN-GIZ project 2026\Rwanda SAM Toolkit (X117)\3RWA_X104_2017.gdx
--- GDX File ($gdxIn) C:\Users\EARAGIE\IFPRI Dropbox\Emerta Aragie\Rwanda MINECOFIN-GIZ project 2026\Rwanda SAM Toolkit (X117)\3RWA_X104_2017.gdx
--- 3households.gms(85) 3 Mb
--- call gdxxrw i=0output.xlsx o=0output.gdx index=index!a15

GDXXRW           35.1.0 r82a9585 Released Apr 29, 2021 WEI x86 64bit/MS Window
Input file : C:\Users\EARAGIE\IFPRI Dropbox\Emerta Aragie\Rwanda MINECOFIN-GIZ project 2026\Rwanda SAM Toolkit (X117)\0output.xlsx
Output file: C:\Users\EARAGIE\IFPRI Dropbox\Emerta Aragie\Rwanda MINECOFIN-GIZ project 2026\Rwanda SAM Toolkit (X117)\0output.gdx
Substituting Index
Total time = 8422 Ms
--- 3households.gms(86) 3 Mb
--- GDXin=C:\Users\EARAGIE\IFPRI Dropbox\Emerta Aragie\Rwanda MINECOFIN-GIZ project 2026\Rwanda SAM Toolkit (X117)\0output.gdx
--- GDX File ($gdxIn) C:\Users\EARAGIE\IFPRI Dropbox\Emerta Aragie\Rwanda MINECOFIN-GIZ project 2026\Rwanda SAM Toolkit (X117)\0output.gdx
--- 3households.gms(352) 3 Mb
--- Starting execution: elapsed 0:00:16.916
--- 3households.gms(317) 5 Mb
--- GDX File (execute_unload) C:\Users\EARAGIE\IFPRI Dropbox\Emerta Aragie\Rwanda MINECOFIN-GIZ project 2026\Rwanda SAM Toolkit (X117)\0households.gdx
--- 3households.gms(318) 5 Mb
--- 3households.gms(326) 5 Mb

GDXXRW           35.1.0 r82a9585 Released Apr 29, 2021 WEI x86 64bit/MS Window
Input file : C:\Users\EARAGIE\IFPRI Dropbox\Emerta Aragie\Rwanda MINECOFIN-GIZ project 2026\Rwanda SAM Toolkit (X117)\0households.gdx
Output file: C:\Users\EARAGIE\IFPRI Dropbox\Emerta Aragie\Rwanda MINECOFIN-GIZ project 2026\Rwanda SAM Toolkit (X117)\0households.xlsx
Substituting Index
Total time = 6688 Ms
--- 3households.gms(327) 5 Mb
--- 3households.gms(349) 5 Mb
--- GDX File C:\Users\EARAGIE\IFPRI Dropbox\Emerta Aragie\Rwanda MINECOFIN-GIZ project 2026\Rwanda SAM Toolkit (X117)\households.gdx
*** Status: Normal completion
--- Job 3households.gms Stop 02/03/26 08:50:15 elapsed 0:00:26.832
