
--- Job 4balance.gms Start 02/03/26 08:59:39 35.1.0 r82a9585 WEX-WEI x86 64bit/MS Windows
--- Applying:
    C:\GAMS\35\gmsprmNT.txt
    C:\Users\EARAGIE\OneDrive - CGIAR\Documents\GAMS\gamsconfig.yaml
--- GAMS Parameters defined
    Restart "C:\Users\EARAGIE\IFPRI Dropbox\Emerta Aragie\Rwanda MINECOFIN-GIZ project 2026\Rwanda SAM Toolkit (X117)\households.g0?"
    Input "C:\Users\EARAGIE\IFPRI Dropbox\Emerta Aragie\Rwanda MINECOFIN-GIZ project 2026\Rwanda SAM Toolkit (X117)\4balance.gms"
    Save "C:\Users\EARAGIE\IFPRI Dropbox\Emerta Aragie\Rwanda MINECOFIN-GIZ project 2026\Rwanda SAM Toolkit (X117)\final.g0?"
    PageWidth 120
    PageSize 0
    PageContr 3
    Action CE
    ScrDir "C:\Users\EARAGIE\IFPRI Dropbox\Emerta Aragie\Rwanda MINECOFIN-GIZ project 2026\Rwanda SAM Toolkit (X117)\225a\"
    SysDir C:\GAMS\35\
    WorkDir "C:\Users\EARAGIE\IFPRI Dropbox\Emerta Aragie\Rwanda MINECOFIN-GIZ project 2026\Rwanda SAM Toolkit (X117)\"
    LogOption 3
    DFormat 0
    TFormat 0
    License C:\GAMS\35\gamslice.txt
    ErrorLog 99
    IDE 1
Licensee: MUD - 70 User License                          G210405|0002CV-GEN
          International Food Policy Research Institute, Computer ServDC2119
          C:\GAMS\35\gamslice.txt
          License Admin: John Hanly, J.Hanly@cgiar.org                     
GAMS 35.1.0   Copyright (C) 1987-2021 GAMS Development. All rights reserved
--- Starting continued compilation
--- Workfile was generated under GAMS version WEX351-351
--- 4balance.gms(739) 4 Mb
--- Starting execution: elapsed 0:00:00.054
--- 4balance.gms(1019) 50 Mb
--- Generating NLP model SAMENTROP
--- 4balance.gms(1021) 57 Mb
---   9,889 rows  14,191 columns  41,002 non-zeroes
---   69,936 nl-code  14,800 nl-non-zeroes
--- 4balance.gms(1021) 54 Mb
--- Executing CONOPT3 (Solvelink=2): elapsed 0:00:00.507

CONOPT 3         35.1.0 r82a9585 Released Apr 29, 2021 WEI x86 64bit/MS Window

 
 
    C O N O P T 3   version 3.17K
    Copyright (C)   ARKI Consulting and Development A/S
                    Bagsvaerdvej 246 A
                    DK-2880 Bagsvaerd, Denmark
 
 
   Iter Phase Ninf   Infeasibility   RGmax    NSB   Step InItr MX OK
      0   0        8.2852052959E+02 (Input point)
 
                   Pre-triangular equations:   379
                   Post-triangular equations:  196
                   Definitional equations:     4524
 
      1   0        8.2852052959E+02 (After pre-processing)
      2   0        1.6371476345E+01 (After scaling)
      3   0     1  1.6361276821E+01               6.3E-04      T  T
      4   0     1  1.6360548423E+01               4.5E-05      T  T
      5   0     1  1.6360548423E+01               0.0E+00      T  T
      6   0     1  1.6306702945E+01               3.3E-03      T  T
      7   0     1  1.6302011860E+01               2.9E-04      T  T
      8   0     1  1.6280605582E+01               1.3E-03      T  T
      9   0     1  1.6267645136E+01               8.0E-04      T  T
 
   Iter Phase Ninf   Infeasibility   RGmax    NSB   Step InItr MX OK
     10   0     1  1.6220031983E+01               2.9E-03      T  T
     11   0     1  1.6203736097E+01               1.0E-03      T  T
     12   0     1  1.6189508528E+01               8.8E-04      T  T
     13   0     1  1.6186973917E+01               1.6E-04      T  T
     14   0     1  1.6169574168E+01               1.1E-03      T  T
     15   0     1  1.6162434059E+01               4.4E-04      T  T
     16   0     1  1.6159542471E+01               1.8E-04      T  T
     17   0     1  1.6149808038E+01               6.1E-04      T  T
     18   0     1  1.6119022406E+01               1.9E-03      T  T
     19   0     1  1.6102852204E+01               1.0E-03      T  T
 
   Iter Phase Ninf   Infeasibility   RGmax    NSB   Step InItr MX OK
     20   0     1  1.6089871175E+01               8.1E-04      T  T
     21   0     1  1.6055507778E+01               2.1E-03      T  T
     22   0     1  1.6055507778E+01               0.0E+00      T  T
     23   0     1  1.5962826015E+01               5.8E-03      T  T
     24   0     1  1.5941004318E+01               1.4E-03      T  T
     25   0     1  1.5911680786E+01               1.8E-03      T  T
     26   0     1  1.5911680786E+01               0.0E+00      T  T
     27   0     1  1.5911680786E+01               0.0E+00      T  T
     28   0     1  1.5825892123E+01               5.4E-03      T  T
     29   0     1  1.5825892123E+01               0.0E+00      T  T
 
   Iter Phase Ninf   Infeasibility   RGmax    NSB   Step InItr MX OK
     30   0     1  1.5639825849E+01               1.2E-02      T  T
     31   0     1  1.5613558162E+01               1.7E-03      T  T
     32   0     1  1.5592248566E+01               1.4E-03      T  T
     33   0     1  1.5496824258E+01               6.2E-03      T  T
     34   0     1  1.5428830208E+01               4.4E-03      T  T
     35   0     1  1.5382149383E+01               3.0E-03      T  T
     36   0     1  1.5306929351E+01               4.9E-03      T  T
     37   0     1  1.5306929351E+01               0.0E+00      T  T
     38   0     1  1.5306929351E+01               0.0E+00      T  T
     39   0     1  1.4974204637E+01               2.2E-02      T  T
 
   Iter Phase Ninf   Infeasibility   RGmax    NSB   Step InItr MX OK
     40   0     1  1.4955278018E+01               1.3E-03      T  T
     41   0     1  1.4792634878E+01               1.1E-02      T  T
     42   0     1  1.4735113338E+01               3.9E-03      T  T
     43   0     1  1.4700481260E+01               2.4E-03      T  T
     44   0     1  1.4610874373E+01               6.2E-03      T  T
     45   0     1  1.4610644801E+01               1.6E-05      T  T
     46   0     1  1.4584171668E+01               1.8E-03      T  T
     47   0     1  1.4574143310E+01               7.0E-04      T  T
     48   0     1  1.4542516028E+01               2.2E-03      T  T
     49   0     1  1.4541803540E+01               5.0E-05      T  T
 
   Iter Phase Ninf   Infeasibility   RGmax    NSB   Step InItr MX OK
     50   0     1  1.4541719139E+01               5.9E-06      T  T
     51   0     1  1.4540145475E+01               1.1E-04      T  T
     52   0     1  1.4538185983E+01               1.4E-04      T  T
     53   0     1  1.4489859027E+01               3.4E-03      T  T
     54   0     1  1.4439772027E+01               3.5E-03      T  T
     55   0     1  1.4439772027E+01               0.0E+00      T  T
     56   0     1  1.4439772027E+01               0.0E+00      T  T
     57   0     1  1.4439772027E+01               0.0E+00      T  T
     58   0     1  1.4439772027E+01               0.0E+00      T  T
     59   0     1  1.4439772027E+01               0.0E+00      T  T
 
   Iter Phase Ninf   Infeasibility   RGmax    NSB   Step InItr MX OK
     60   0     1  1.4439772027E+01               0.0E+00      T  T
     61   0     1  1.4346966920E+01               6.5E-03      T  T
     62   0     1  1.4313341100E+01               2.4E-03      T  T
     63   0     1  1.4231708845E+01               5.8E-03      T  T
     64   0     1  1.4230473844E+01               8.8E-05      T  T
     65   0     1  1.4196091915E+01               2.4E-03      T  T
     66   0     1  1.4156385737E+01               2.8E-03      T  T
     67   0     1  1.4156304285E+01               5.8E-06      T  T
     68   0     1  1.4151705445E+01               3.3E-04      T  T
     69   0     1  1.4140078362E+01               8.3E-04      T  T
 
   Iter Phase Ninf   Infeasibility   RGmax    NSB   Step InItr MX OK
     70   0     1  1.4098337232E+01               3.0E-03      T  T
     71   0     1  1.4092923165E+01               3.9E-04      T  T
     72   0     1  1.4035580916E+01               4.1E-03      T  T
     73   0     1  1.3930750477E+01               7.5E-03      T  T
     74   0     1  1.3860343421E+01               5.1E-03      T  T
     75   0     1  1.3738660949E+01               8.8E-03      T  T
     76   0     1  1.3738660949E+01               0.0E+00      T  T
     77   0     1  1.3738660949E+01               0.0E+00      T  T
     78   0     1  1.3738660949E+01               0.0E+00      T  T
     79   0     1  1.3738660949E+01               0.0E+00      T  T
 
   Iter Phase Ninf   Infeasibility   RGmax    NSB   Step InItr MX OK
     80   0     1  1.3738660949E+01               0.0E+00      T  T
     81   0     1  1.3738660949E+01               0.0E+00      T  T
     82   0     1  1.3728636141E+01               7.3E-04      T  T
     83   0     1  1.3686920517E+01               3.0E-03      T  T
     84   0     1  1.3677684494E+01               6.8E-04      T  T
     85   0     1  1.3676021315E+01               1.2E-04      T  T
     86   0     1  1.3645639390E+01               2.2E-03      T  T
     87   0     1  1.3371736022E+01               2.0E-02      T  T
     88   0     1  1.3294293465E+01               5.8E-03      T  T
     89   0     1  1.3294293465E+01               0.0E+00      T  T
 
   Iter Phase Ninf   Infeasibility   RGmax    NSB   Step InItr MX OK
     90   0     1  1.3294293465E+01               0.0E+00      T  T
     91   0     1  1.3294293465E+01               0.0E+00      T  T
     92   0     1  1.3294293465E+01               0.0E+00      T  T
     93   0     1  1.3294293465E+01               0.0E+00      T  T
     94   0     1  1.3287507040E+01               5.1E-04      T  T
     95   0     1  1.3250432227E+01               2.8E-03      T  T
     96   0     1  1.3224309074E+01               2.0E-03      T  T
     97   0     1  1.3205282413E+01               1.4E-03      T  T
     98   0     1  1.3205282413E+01               0.0E+00      T  T
     99   0     1  1.3024582128E+01               1.4E-02      T  T
 
   Iter Phase Ninf   Infeasibility   RGmax    NSB   Step InItr MX OK
    100   0     1  1.2939185490E+01               6.6E-03      T  T
    101   0     1  1.2915211122E+01               1.9E-03      T  T
    102   0     1  1.2910403519E+01               3.7E-04      T  T
    103   0     1  1.2861746700E+01               3.8E-03      T  T
    104   0     1  1.2857943914E+01               3.0E-04      T  T
    105   0     1  1.2815984179E+01               3.3E-03      T  T
    106   0     1  1.2701547345E+01               9.0E-03      T  T
    107   0     1  1.2662651874E+01               3.1E-03      T  T
    108   0     1  1.2515438148E+01               1.2E-02      T  T
    109   0     1  1.2207068235E+01               2.5E-02      T  T
 
   Iter Phase Ninf   Infeasibility   RGmax    NSB   Step InItr MX OK
    110   0     1  1.2118975648E+01               7.3E-03      T  T
    111   0     1  1.2113199376E+01               4.8E-04      T  T
    112   0     1  1.2026073585E+01               7.3E-03      T  T
    113   0     1  1.1787207655E+01               2.0E-02      T  T
    114   0     1  1.1492352826E+01               2.5E-02      T  T
    115   0     1  1.1467339907E+01               2.2E-03      T  T
    116   0     1  1.1448787266E+01               1.6E-03      T  T
    117   0     1  1.1396064422E+01               4.7E-03      T  T
    118   0     1  1.1305806853E+01               8.0E-03      T  T
    119   0     1  1.1305806853E+01               0.0E+00      T  T
 
   Iter Phase Ninf   Infeasibility   RGmax    NSB   Step InItr MX OK
    120   0     1  1.1222011593E+01               7.5E-03      T  T
    121   0     1  1.1212274528E+01               8.8E-04      T  T
    122   0     1  1.1060900321E+01               1.4E-02      T  T
    123   0     1  1.1042659467E+01               1.7E-03      T  T
    124   0     1  1.0879064061E+01               1.5E-02      T  T
    125   0     1  1.0853521727E+01               2.4E-03      T  T
    126   0     1  1.0731595805E+01               1.1E-02      T  T
    127   0     1  1.0443785679E+01               2.7E-02      T  T
    128   0     1  1.0374007081E+01               6.8E-03      T  T
    129   0     1  1.0355401678E+01               1.8E-03      T  T
 
   Iter Phase Ninf   Infeasibility   RGmax    NSB   Step InItr MX OK
    130   0     1  1.0082733620E+01               2.7E-02      T  T
    131   0     1  1.0072692437E+01               1.0E-03      T  T
    132   0     1  1.0072692437E+01               0.0E+00      T  T
    133   0     1  1.0072692437E+01               0.0E+00      T  T
    134   0     1  1.0072692437E+01               0.0E+00      T  T
    135   0     1  9.9328661727E+00               1.4E-02      T  T
    136   0     1  9.8548863414E+00               8.0E-03      T  T
    137   0     1  9.8333831152E+00               2.2E-03      T  T
    138   0     1  9.8308623829E+00               2.6E-04      T  T
    139   0     1  9.7526740509E+00               8.1E-03      T  T
 
   Iter Phase Ninf   Infeasibility   RGmax    NSB   Step InItr MX OK
    140   0     1  9.7444351639E+00               8.6E-04      T  T
    141   0     1  9.7321243620E+00               1.3E-03      T  T
    142   0     1  9.7104616940E+00               2.3E-03      T  T
    143   0     1  9.6718068030E+00               4.0E-03      T  T
    144   0     1  9.6066105144E+00               6.8E-03      T  T
    145   0     1  9.5684834478E+00               4.0E-03      T  T
    146   0     1  9.3546457662E+00               2.3E-02      T  T
    147   0     1  9.3546457662E+00               0.0E+00      T  T
    148   0     1  9.2502382759E+00               1.1E-02      T  T
    149   0     1  9.1777944829E+00               7.9E-03      T  T
 
   Iter Phase Ninf   Infeasibility   RGmax    NSB   Step InItr MX OK
    150   0     1  9.1715967996E+00               6.8E-04      T  T
    151   0     1  9.1617470303E+00               1.1E-03      T  T
    152   0     1  9.0697907242E+00               1.0E-02      T  T
    153   0     1  8.9189875033E+00               1.7E-02      T  T
    154   0     1  8.9123720980E+00               7.5E-04      T  T
    155   0     1  8.8157595121E+00               1.1E-02      T  T
    156   0     1  8.3832764039E+00               5.0E-02      T  T
    157   0     1  8.3509823982E+00               3.9E-03      T  T
    158   0     1  8.2238170309E+00               1.5E-02      T  T
    159   0     1  8.1941421496E+00               3.7E-03      T  T
 
   Iter Phase Ninf   Infeasibility   RGmax    NSB   Step InItr MX OK
    160   0     1  8.1887645558E+00               6.6E-04      T  T
    161   0     1  8.0887189411E+00               1.2E-02      T  T
    162   0     1  8.0441853397E+00               5.6E-03      T  T
    163   0     1  7.9991770354E+00               5.7E-03      T  T
    164   0     1  7.9792475398E+00               2.5E-03      T  T
    165   0     1  7.9280827125E+00               6.5E-03      T  T
    166   0     1  7.8141186216E+00               1.5E-02      T  T
    167   0     1  7.0698640589E+00               9.6E-02      T  T
    168   0     1  6.6865337077E+00               5.5E-02      T  T
    169   0     1  6.6135999488E+00               1.1E-02      T  T
 
   Iter Phase Ninf   Infeasibility   RGmax    NSB   Step InItr MX OK
    170   0     1  6.6056230503E+00               1.2E-03      T  T
    171   0     1  6.6032767230E+00               3.6E-04      T  T
    172   0     1  6.6015292078E+00               2.7E-04      T  T
    173   0     1  6.5857847473E+00               2.4E-03      T  T
    174   0     1  6.3313434849E+00               3.9E-02      T  T
    175   0     1  5.9959453268E+00               5.3E-02      T  T
    176   0     1  5.9959453268E+00               0.0E+00      T  T
    177   0     1  5.9959453268E+00               0.0E+00      T  T
    178   0     1  5.5950993660E+00               6.7E-02      T  T
    179   0     1  5.3508947726E+00               4.4E-02      T  T
 
   Iter Phase Ninf   Infeasibility   RGmax    NSB   Step InItr MX OK
    180   0     1  5.0482837934E+00               5.6E-02      T  T
    181   0     1  4.6558246745E+00               7.8E-02      T  T
    182   0     1  4.5980403012E+00               1.2E-02      T  T
    183   0     1  3.9004791658E+00               1.5E-01      T  T
    184   0     1  3.8835709367E+00               4.3E-03      T  T
    185   0     1  3.5963609086E+00               7.4E-02      T  T
    186   0     1  3.4354018429E+00               4.5E-02      T  T
    187   0     1  3.4059377913E+00               8.6E-03      T  T
    188   0     1  3.2764380973E+00               3.8E-02      T  T
    189   0     1  3.0128104284E+00               8.0E-02      T  T
 
   Iter Phase Ninf   Infeasibility   RGmax    NSB   Step InItr MX OK
    190   0     1  3.0128104284E+00               0.0E+00      T  T
    191   0     1  3.0128104284E+00               0.0E+00      T  T
    192   0     1  2.8273830799E+00               6.1E-02      T  T
    193   0     1  2.8273830799E+00               0.0E+00      T  T
    194   0     1  2.8273830799E+00               0.0E+00      T  T
    195   0     1  2.3887712552E+00               1.5E-01      T  T
    196   0     1  1.7004782867E+00               2.9E-01      T  T
    197   0     1  1.6839108418E+00               9.8E-03      T  T
    198   0     1  1.6126596490E+00               4.3E-02      T  T
    199   0     1  1.6126596490E+00               0.0E+00      T  T
 
   Iter Phase Ninf   Infeasibility   RGmax    NSB   Step InItr MX OK
    200   0     1  1.5420874369E+00               4.4E-02      T  T
    201   0     1  1.5084220869E+00               2.2E-02      T  T
    202   0     1  1.4309821339E+00               5.2E-02      T  T
    203   0     1  1.1584031472E+00               1.9E-01      T  T
    204   0     1  1.1584031472E+00               0.0E+00      T  T
    205   0     1  1.1584031472E+00               0.0E+00      T  T
    206   0     1  1.1584031472E+00               0.0E+00      T  T
    207   0     1  9.1400086640E-01               2.1E-01      T  T
    208   0     1  9.0833134727E-01               6.2E-03      T  T
    209   0     1  9.0833134727E-01               0.0E+00      T  T
 
   Iter Phase Ninf   Infeasibility   RGmax    NSB   Step InItr MX OK
    210   0     1  9.0833134727E-01               0.0E+00      T  T
    211   0     1  7.0731147244E-01               2.2E-01      T  T
    212   0     1  7.0731147244E-01               0.0E+00      T  T
    213   0     1  7.0731147244E-01               0.0E+00      T  T
    214   0     1  4.0583257034E-01               4.3E-01      T  T
    215   0     1  2.3569891782E-01               4.2E-01      T  T
    216   0     1  2.3569891782E-01               0.0E+00      T  T
    217   0     1  2.3569891782E-01               0.0E+00      T  T
    218   0     1  2.1187206371E-01               1.0E-01      T  T
    219   0     1  1.4115180054E-01               3.4E-01      T  T
 
   Iter Phase Ninf   Infeasibility   RGmax    NSB   Step InItr MX OK
    220   0     1  1.3510007256E-01               4.3E-02      T  T
    221   0     1  2.7669724601E-02               8.0E-01      T  T
    222   0     1  2.7669724601E-02               0.0E+00      T  T
    223   0     1  2.7669724601E-02               0.0E+00      T  T
    224   0     1  2.7669724601E-02               0.0E+00      T  T
    225   0     1  3.8571438379E-04               1.0E+00      F  T
    226   0     1  3.8571438379E-04               0.0E+00      T  T
    227   0     1  3.8571438379E-04               0.0E+00      T  T
    228   0     1  3.8571438379E-04               0.0E+00      T  T
    229   0     1  3.8571438379E-04               0.0E+00      T  T
 
   Iter Phase Ninf   Infeasibility   RGmax    NSB   Step InItr MX OK
    230   0     1  3.8571438379E-04               0.0E+00      T  T
    231   0     1  3.8571438379E-04               0.0E+00      T  T
    232   0     1  3.8571438379E-04               0.0E+00      T  T
    233   0     1  3.8571438379E-04               0.0E+00      T  T
    234   0     1  3.8571438379E-04               0.0E+00      T  T
    235   0     1  3.8571438379E-04               0.0E+00      T  T
    236   0     1  3.8571438379E-04               0.0E+00      T  T
    237   0     1  3.8571438379E-04               0.0E+00      T  T
    238   0     1  3.8571438379E-04               0.0E+00      T  T
    239   0     1  3.8571438379E-04               0.0E+00      T  T
 
   Iter Phase Ninf   Infeasibility   RGmax    NSB   Step InItr MX OK
    240   0     1  3.8571438379E-04               0.0E+00      T  T
    241   0     1  3.8571438379E-04               0.0E+00      T  T
    242   0     1  3.8571438379E-04               0.0E+00      T  T
    243   0     1  1.3493851761E-04               1.0E+00      F  T
    244   0     1  1.3493851761E-04               0.0E+00      T  T
    245   0     1  1.3493851761E-04               0.0E+00      T  T
    246   0     1  1.3493851761E-04               0.0E+00      T  T
    247   0     1  1.3493851761E-04               0.0E+00      T  T
    248   0     1  1.3493851761E-04               0.0E+00      T  T
    249   0     1  1.3493851761E-04               0.0E+00      T  T
 
   Iter Phase Ninf   Infeasibility   RGmax    NSB   Step InItr MX OK
    250   0     1  1.3493851761E-04               0.0E+00      T  T
    251   0     1  1.3493851761E-04               0.0E+00      F  F
    252   0     1  7.3552583870E-06               1.0E+00      F  T
    253   0     1  7.3552583870E-06               0.0E+00      T  T
    254   0     1  7.3552583870E-06               0.0E+00      T  T
    255   0     1  7.3552583870E-06               0.0E+00      T  T
    256   0     1  7.3552583870E-06               0.0E+00      T  T
    257   0     1  7.3552583870E-06               0.0E+00      T  T
    258   0     1  7.3552583870E-06               0.0E+00      T  T
    259   0     1  7.3552583870E-06               0.0E+00      T  T
 
   Iter Phase Ninf   Infeasibility   RGmax    NSB   Step InItr MX OK
    260   0     1  7.3552583870E-06               0.0E+00      T  T
    261   0     1  7.3552583870E-06               0.0E+00      T  T
    262   0     1  7.3552583870E-06               0.0E+00      T  T
    263   0     1  9.8186352691E-07               1.0E+00      F  T
    264   0     1  9.8186352691E-07               0.0E+00      T  T
    265   0     1  9.8186352691E-07               0.0E+00      T  T
    266   0     1  9.8186352691E-07               0.0E+00      T  T
    267   0     1  9.8186352691E-07               0.0E+00      T  T
    268   0     1  9.8186352691E-07               0.0E+00      T  T
    269   0     1  9.8186352691E-07               0.0E+00      T  T
 
   Iter Phase Ninf   Infeasibility   RGmax    NSB   Step InItr MX OK
    270   0     1  9.8186352691E-07               0.0E+00      T  T
    271   0     1  9.8186352691E-07               0.0E+00      T  T
    272   0     1  9.8186352691E-07               0.0E+00      T  T
    273   0     1  9.8186352691E-07               0.0E+00      T  T
    274   0     1  3.3557851704E-08               1.0E+00      F  T
    275   0     1  3.3557851704E-08               0.0E+00      T  T
    276   0     1  3.3557851704E-08               0.0E+00      T  T
    277   0     1  4.3694048217E-10               1.0E+00      F  T
 
 ** Feasible solution. Value of objective =    143.300485469
 
   Iter Phase Ninf     Objective     RGmax    NSB   Step InItr MX OK
    278   3        1.4094717804E+02 1.2E+01  4090 1.0E+00    1 F  T
    279   3        1.3729512838E+02 3.2E+01  4202 1.0E+00    2 T  T
    280   3        1.3437486560E+02 2.2E+01  4200 9.7E-01    2 T  T
    281   3        1.3308332411E+02 2.2E+01  4199 1.0E+00    4 T  T
    282   3        1.3156510845E+02 1.6E+01  4195 1.0E+00    2 T  T
    283   3        1.3069520815E+02 1.9E+01  4193 1.0E+00    2 F  T
    284   3        1.2734602987E+02 3.7E+01  4229 1.0E+00    1 F  T
    285   3        1.2513379361E+02 2.2E+01  4228 9.3E-04      T  T
    286   3        1.2082545354E+02 1.2E+01  4228 2.8E-03      T  T
    287   3        1.1868490680E+02 6.2E+00  4227 1.9E-03      T  T
 
   Iter Phase Ninf     Objective     RGmax    NSB   Step InItr MX OK
    288   3        1.1629050707E+02 1.1E+01  4276 1.0E-03      F  T
    289   3        1.1556876389E+02 1.8E+01  4276 5.2E-04      T  T
    290   3        1.1202916665E+02 1.1E+01  4325 1.8E-03      F  T
    291   3        1.0972497367E+02 8.8E+00  4375 2.0E-03      T  T
    292   3        1.0866345575E+02 9.5E+00  4374 9.4E-04      T  T
    293   3        1.0661083625E+02 9.9E+00  4390 2.6E-03      F  T
    294   3        1.0653830964E+02 5.6E+01  4390 2.5E-05      F  T
    295   4        1.0632524301E+02 1.2E+01  4390 2.5E-04      T  T
    296   4        1.0424570609E+02 9.9E+00  4390 2.6E-03      T  T
    297   4        1.0331846334E+02 9.2E+00  4389 1.2E-03      T  T
 
   Iter Phase Ninf     Objective     RGmax    NSB   Step InItr MX OK
    298   4        1.0224771529E+02 8.3E+00  4388 1.5E-03      T  T
    299   4        1.0128314399E+02 7.3E+00  4387 1.5E-03      T  T
    300   4        9.9741809415E+01 9.7E+00  4389 2.9E-03      T  T
    301   4        9.8838854438E+01 1.1E+01  4388 1.1E-03      F  T
    302   4        9.8708889214E+01 1.4E+01  4388 7.7E-05      F  T
    303   4        9.7219633866E+01 4.4E+00  4388 1.0E+00    2 T  T
    304   4        9.2224137114E+01 1.1E+01  4391 1.0E+00    6 T  T
    305   4        8.0867180918E+01 1.4E+01  4392 1.0E+00    5 T  T
    306   4        7.0177848525E+01 8.2E+00  4387 1.0E+00    7 T  T
    307   4        6.3792963996E+01 6.7E+00  4380 1.0E+00   14 T  T
 
   Iter Phase Ninf     Objective     RGmax    NSB   Step InItr MX OK
    308   4        6.0908923029E+01 6.2E+00  4371 1.0E+00   22 T  T
    309   4        6.0491787938E+01 1.1E+01  4395 1.0E+00   18 F  T
    310   4        6.0281079327E+01 7.3E+00  4395 1.0E+00   13 F  T
    311   4        5.9969265224E+01 6.0E+00  4396 1.8E+00   10 F  T
    312   4        5.9528463555E+01 7.3E+00  4398 1.0E+00   10 F  T
    313   4        5.9185213378E+01 6.0E+00  4398 1.0E+00   11 F  T
    314   4        5.9091421406E+01 4.8E+00  4398 1.0E+00   12 F  T
    315   4        5.9047346767E+01 3.3E+00  4398 1.0E+00   12 F  T
    316   4        5.8996134909E+01 4.4E+00  4406 1.0E+00   10 F  T
    317   4        5.8972435096E+01 3.3E+00  4407 1.0E+00   10 F  T
 
   Iter Phase Ninf     Objective     RGmax    NSB   Step InItr MX OK
    318   4        5.8969665814E+01 1.7E+00  4407 1.0E+00   13 F  T
    319   4        5.8969344679E+01 2.5E+00  4416 1.0E+00    3 F  T
    320   4        5.8969252071E+01 1.1E+00  4416 1.0E+00    9 F  T
    321   4        5.8969210302E+01 3.5E-01  4416 1.0E+00   13 F  T
    322   4        5.8969205220E+01 5.3E-02  4416 1.0E+00   20 F  T
    323   4        5.8969208896E+01 2.2E-03  4385 1.9E-04      F  T
    324   4        5.8969208497E+01 4.0E-03  4416 1.0E+00   31 F  T
    325   4        5.8969208495E+01 7.6E-04  4416 1.0E+00   32 F  T
    326   4        5.8969208495E+01 1.5E-05  4416 1.0E+00   41 F  T
    327   4        5.8969208494E+01 1.7E-07  4416 1.0E+00    5 F  T
 
   Iter Phase Ninf     Objective     RGmax    NSB   Step InItr MX OK
    328   4        5.8969208494E+01 2.4E-07  4416 1.0E+00    1 F  T
    329   4        5.8969208494E+01 8.4E-08  4416
 
 ** Optimal solution. Reduced gradient less than tolerance.
 
--- Reading solution for model SAMENTROP
--- Executing after solve: elapsed 0:00:07.337
--- 4balance.gms(1061) 54 Mb
--- GDX File (execute_unload) C:\Users\EARAGIE\IFPRI Dropbox\Emerta Aragie\Rwanda MINECOFIN-GIZ project 2026\Rwanda SAM Toolkit (X117)\0households.gdx
--- 4balance.gms(1062) 54 Mb
--- 4balance.gms(1064) 54 Mb
--- 4balance.gms(1070) 54 Mb

GDXXRW           35.1.0 r82a9585 Released Apr 29, 2021 WEI x86 64bit/MS Window
Input file : C:\Users\EARAGIE\IFPRI Dropbox\Emerta Aragie\Rwanda MINECOFIN-GIZ project 2026\Rwanda SAM Toolkit (X117)\0households.gdx
Output file: C:\Users\EARAGIE\IFPRI Dropbox\Emerta Aragie\Rwanda MINECOFIN-GIZ project 2026\Rwanda SAM Toolkit (X117)\0households.xlsx
Substituting Index
Total time = 8813 Ms
--- 4balance.gms(1071) 54 Mb
--- 4balance.gms(1077) 54 Mb
--- GDX File (execute_unload) C:\Users\EARAGIE\IFPRI Dropbox\Emerta Aragie\Rwanda MINECOFIN-GIZ project 2026\Rwanda SAM Toolkit (X117)\0output.gdx
--- 4balance.gms(1078) 54 Mb
--- 4balance.gms(1080) 54 Mb
--- 4balance.gms(1086) 54 Mb

GDXXRW           35.1.0 r82a9585 Released Apr 29, 2021 WEI x86 64bit/MS Window
Input file : C:\Users\EARAGIE\IFPRI Dropbox\Emerta Aragie\Rwanda MINECOFIN-GIZ project 2026\Rwanda SAM Toolkit (X117)\0output.gdx
Output file: C:\Users\EARAGIE\IFPRI Dropbox\Emerta Aragie\Rwanda MINECOFIN-GIZ project 2026\Rwanda SAM Toolkit (X117)\0output.xlsx
Substituting Index
Total time = 10516 Ms
--- 4balance.gms(1088) 54 Mb
*** Status: Normal completion
--- Job 4balance.gms Stop 02/03/26 09:00:10 elapsed 0:00:31.963
